This is a test file written by Claude Code to demonstrate the Write tool.